// Jest Snapshot v1, https://goo.gl/fbAQLP

exports[`renders without crashing 1`] = `
<button
  className="button"
  onClick={[Function]}
>
  Untoggled
</button>
`;
