// Jest Snapshot v1, https://goo.gl/fbAQLP

exports[`<LazyLoad /> Matches the LazyLoad snapshot 1`] = `
<span>
  Lazy Load Me
</span>
`;
