// Jest Snapshot v1, https://goo.gl/fbAQLP

exports[`<CtaPrompt /> Matches the CTA Prompt Default snapshot 1`] = `null`;
