// Jest Snapshot v1, https://goo.gl/fbAQLP

exports[`<Hero /> Matches the Hero snapshot 1`] = `
<article
  className="hero"
  typeof="sioc:Item foaf:Document"
>
  <figure
    className="figure"
  >
    <img
      alt="Opioid Addiction"
      className="img"
      data-src="https://media.pri.org/s3fs-public/styles/feature_large/public/story/images/JL1_8064.JPG?itok=WfGYKL2U"
    />
  </figure>
  <div
    className="text"
  >
    <a
      className="iconLink"
      href="https://google.com"
    >
      <svg
        aria-hidden={null}
        aria-label="Audio"
        aria-labelledby={null}
        className="svg icon roundIcon"
        fill="currentcolor"
        height={28}
        version={1.1}
        viewBox="0 0 28 28"
        width={28}
      >
        <path
          d="M9 10h-4v6h4l5 5v-16l-5 5zM20.36 19.36l-1.41-1.41c1.272-1.265 2.059-3.015 2.059-4.95s-0.787-3.685-2.059-4.95l-0-0 1.41-1.41c1.634 1.625 2.645 3.874 2.645 6.36s-1.011 4.735-2.644 6.36l-0 0zM17.54 16.54l-1.42-1.42c0.542-0.543 0.877-1.292 0.877-2.12s-0.335-1.577-0.877-2.12l0 0 1.42-1.42c0.912 0.903 1.477 2.156 1.477 3.54s-0.565 2.637-1.477 3.54l-0 0z"
        />
      </svg>
    </a>
    <h2>
      <a
        className="title"
        href="https://google.com"
      >
        Opioid addicts are turning to a clinic in Mexico to break their addiction, but there's a catch. The treatment is illegal in the US.
      </a>
    </h2>
    <p
      className="summary"
    >
      Ibogaine is a powerful hallucinogenic drug that has been shown to have surprising success in treating addiction. But it comes with risks that, so far, have made its use in the US illegal.
    </p>
    <a
      className="category"
      href="https://bing.com"
    >
      GlobalPost
    </a>
  </div>
</article>
`;
