// Jest Snapshot v1, https://goo.gl/fbAQLP

exports[`<MainMenu /> Matches the Main Menu snapshot 1`] = `
<div
  className="wrapper"
>
  <div
    className="search"
  >
    <form
      className="searchForm"
      method="POST"
      onSubmit={[Function]}
    >
      <label
        className="searchLabel"
        htmlFor="search__field"
      >
        Search
      </label>
      <input
        className="searchInput"
        id="search__field"
        onChange={[Function]}
        type="text"
      />
      <button
        className="searchBtn"
        type="submit"
      >
        <svg
          aria-hidden={null}
          aria-label={null}
          aria-labelledby={null}
          className="svg searchIcon"
          fill="currentcolor"
          height={28}
          version={1.1}
          viewBox="0 0 28 28"
          width={28}
        >
          <path
            d="M18 13c0-3.859-3.141-7-7-7s-7 3.141-7 7 3.141 7 7 7 7-3.141 7-7zM26 26c0 1.094-0.906 2-2 2-0.531 0-1.047-0.219-1.406-0.594l-5.359-5.344c-1.828 1.266-4.016 1.937-6.234 1.937-6.078 0-11-4.922-11-11s4.922-11 11-11 11 4.922 11 11c0 2.219-0.672 4.406-1.937 6.234l5.359 5.359c0.359 0.359 0.578 0.875 0.578 1.406z"
          />
        </svg>
      </button>
    </form>
  </div>
</div>
`;
