// Jest Snapshot v1, https://goo.gl/fbAQLP

exports[`<Aside /> Matches the Aside snapshot 1`] = `
<aside
  className="className && null"
/>
`;
