// Jest Snapshot v1, https://goo.gl/fbAQLP

exports[`<Icon /> Matches the Icon snapshot 1`] = `
<svg
  aria-hidden={null}
  className={null}
  fill="currentcolor"
  viewBox={undefined}
>
  <use
    xlinkHref="#undefined"
  />
</svg>
`;
